09:51:01 **** Incremental Build of configuration Debug for project Blink_Test ****
make -j15 all 
arm-none-eabi-gcc "../Core/Src/main.c" -mcpu=cortex-m4 -std=gnu11 -g3 -DDEBUG -DUSE_HAL_DRIVER -DSTM32F401xE -c -I../Core/Inc -I../Drivers/STM32F4xx_HAL_Driver/Inc -I../Drivers/STM32F4xx_HAL_Driver/Inc/Legacy -I../Drivers/CMSIS/Device/ST/STM32F4xx/Include -I../Drivers/CMSIS/Include -O0 -ffunction-sections -fdata-sections -Wall -fstack-usage -fcyclomatic-complexity -MMD -MP -MF"Core/Src/main.d" -MT"Core/Src/main.o" --specs=nano.specs -mfpu=fpv4-sp-d16 -mfloat-abi=hard -mthumb -o "Core/Src/main.o"
arm-none-eabi-gcc -o "Blink_Test.elf" @"objects.list"   -mcpu=cortex-m4 -T"/Users/baraa/Documents/GitHub/ECE298_Reservoir/STM32_Workspace/Blink_Test/STM32F401RETX_FLASH.ld" --specs=nosys.specs -Wl,-Map="Blink_Test.map" -Wl,--gc-sections -static --specs=nano.specs -mfpu=fpv4-sp-d16 -mfloat-abi=hard -mthumb -Wl,--start-group -lc -lm -Wl,--end-group
Finished building target: Blink_Test.elf
 
arm-none-eabi-size  Blink_Test.elf 
arm-none-eabi-objdump -h -S Blink_Test.elf  > "Blink_Test.list"
   text	   data	    bss	    dec	    hex	filename
   7740	     12	   1644	   9396	   24b4	Blink_Test.elf
Finished building: default.size.stdout
 
Finished building: Blink_Test.list
 

09:51:01 Build Finished. 0 errors, 0 warnings. (took 404ms)

